------------------------------------------------------------
TimeQuest Timing Analyzer Summary
------------------------------------------------------------

Type  : Slow 1200mV 85C Model Setup 'CLK'
Slack : -8.911
TNS   : -4270.302

Type  : Slow 1200mV 85C Model Setup 'CONTROLUNIT:inst5|STATE.E0'
Slack : -5.408
TNS   : -22.594

Type  : Slow 1200mV 85C Model Setup 'CONTROLUNIT:inst5|STATE.T2'
Slack : -4.416
TNS   : -50.906

Type  : Slow 1200mV 85C Model Setup 'CONTROLUNIT:inst5|STATE.E2'
Slack : -3.892
TNS   : -7.054

Type  : Slow 1200mV 85C Model Hold 'CONTROLUNIT:inst5|STATE.T2'
Slack : -2.034
TNS   : -11.930

Type  : Slow 1200mV 85C Model Hold 'CONTROLUNIT:inst5|STATE.E0'
Slack : -0.937
TNS   : -1.517

Type  : Slow 1200mV 85C Model Hold 'CONTROLUNIT:inst5|STATE.E2'
Slack : -0.885
TNS   : -0.885

Type  : Slow 1200mV 85C Model Hold 'CLK'
Slack : -0.160
TNS   : -0.160

Type  : Slow 1200mV 85C Model Minimum Pulse Width 'CLK'
Slack : -3.000
TNS   : -1551.752

Type  : Slow 1200mV 85C Model Minimum Pulse Width 'CONTROLUNIT:inst5|STATE.T2'
Slack : 0.225
TNS   : 0.000

Type  : Slow 1200mV 85C Model Minimum Pulse Width 'CONTROLUNIT:inst5|STATE.E0'
Slack : 0.368
TNS   : 0.000

Type  : Slow 1200mV 85C Model Minimum Pulse Width 'CONTROLUNIT:inst5|STATE.E2'
Slack : 0.398
TNS   : 0.000

Type  : Slow 1200mV 0C Model Setup 'CLK'
Slack : -7.946
TNS   : -3750.947

Type  : Slow 1200mV 0C Model Setup 'CONTROLUNIT:inst5|STATE.E0'
Slack : -4.861
TNS   : -20.334

Type  : Slow 1200mV 0C Model Setup 'CONTROLUNIT:inst5|STATE.T2'
Slack : -3.981
TNS   : -47.686

Type  : Slow 1200mV 0C Model Setup 'CONTROLUNIT:inst5|STATE.E2'
Slack : -3.501
TNS   : -6.239

Type  : Slow 1200mV 0C Model Hold 'CONTROLUNIT:inst5|STATE.T2'
Slack : -1.771
TNS   : -9.269

Type  : Slow 1200mV 0C Model Hold 'CONTROLUNIT:inst5|STATE.E0'
Slack : -0.868
TNS   : -1.392

Type  : Slow 1200mV 0C Model Hold 'CONTROLUNIT:inst5|STATE.E2'
Slack : -0.765
TNS   : -0.765

Type  : Slow 1200mV 0C Model Hold 'CLK'
Slack : -0.161
TNS   : -0.161

Type  : Slow 1200mV 0C Model Minimum Pulse Width 'CLK'
Slack : -3.000
TNS   : -1551.752

Type  : Slow 1200mV 0C Model Minimum Pulse Width 'CONTROLUNIT:inst5|STATE.T2'
Slack : 0.348
TNS   : 0.000

Type  : Slow 1200mV 0C Model Minimum Pulse Width 'CONTROLUNIT:inst5|STATE.E0'
Slack : 0.396
TNS   : 0.000

Type  : Slow 1200mV 0C Model Minimum Pulse Width 'CONTROLUNIT:inst5|STATE.E2'
Slack : 0.453
TNS   : 0.000

Type  : Fast 1200mV 0C Model Setup 'CLK'
Slack : -4.469
TNS   : -2295.439

Type  : Fast 1200mV 0C Model Setup 'CONTROLUNIT:inst5|STATE.E0'
Slack : -2.989
TNS   : -12.467

Type  : Fast 1200mV 0C Model Setup 'CONTROLUNIT:inst5|STATE.T2'
Slack : -2.426
TNS   : -22.784

Type  : Fast 1200mV 0C Model Setup 'CONTROLUNIT:inst5|STATE.E2'
Slack : -1.881
TNS   : -2.974

Type  : Fast 1200mV 0C Model Hold 'CONTROLUNIT:inst5|STATE.T2'
Slack : -1.140
TNS   : -6.545

Type  : Fast 1200mV 0C Model Hold 'CONTROLUNIT:inst5|STATE.E2'
Slack : -0.606
TNS   : -0.606

Type  : Fast 1200mV 0C Model Hold 'CONTROLUNIT:inst5|STATE.E0'
Slack : -0.529
TNS   : -0.880

Type  : Fast 1200mV 0C Model Hold 'CLK'
Slack : -0.254
TNS   : -0.254

Type  : Fast 1200mV 0C Model Minimum Pulse Width 'CLK'
Slack : -3.000
TNS   : -876.635

Type  : Fast 1200mV 0C Model Minimum Pulse Width 'CONTROLUNIT:inst5|STATE.T2'
Slack : 0.197
TNS   : 0.000

Type  : Fast 1200mV 0C Model Minimum Pulse Width 'CONTROLUNIT:inst5|STATE.E2'
Slack : 0.358
TNS   : 0.000

Type  : Fast 1200mV 0C Model Minimum Pulse Width 'CONTROLUNIT:inst5|STATE.E0'
Slack : 0.391
TNS   : 0.000

------------------------------------------------------------
